// Jest Snapshot v1, https://goo.gl/fbAQLP

exports[`CreateUser renders without error 1`] = `
<CreateUser>
  <Mutation
    mutation={
      Object {
        "definitions": Array [
          Object {
            "directives": Array [],
            "kind": "OperationDefinition",
            "name": Object {
              "kind": "Name",
              "value": "CreateUser",
            },
            "operation": "mutation",
            "selectionSet": Object {
              "kind": "SelectionSet",
              "selections": Array [
                Object {
                  "alias": undefined,
                  "arguments": Array [
                    Object {
                      "kind": "Argument",
                      "name": Object {
                        "kind": "Name",
                        "value": "input",
                      },
                      "value": Object {
                        "fields": Array [
                          Object {
                            "kind": "ObjectField",
                            "name": Object {
                              "kind": "Name",
                              "value": "email",
                            },
                            "value": Object {
                              "kind": "Variable",
                              "name": Object {
                                "kind": "Name",
                                "value": "email",
                              },
                            },
                          },
                          Object {
                            "kind": "ObjectField",
                            "name": Object {
                              "kind": "Name",
                              "value": "name",
                            },
                            "value": Object {
                              "kind": "Variable",
                              "name": Object {
                                "kind": "Name",
                                "value": "name",
                              },
                            },
                          },
                          Object {
                            "kind": "ObjectField",
                            "name": Object {
                              "kind": "Name",
                              "value": "password",
                            },
                            "value": Object {
                              "kind": "Variable",
                              "name": Object {
                                "kind": "Name",
                                "value": "password",
                              },
                            },
                          },
                        ],
                        "kind": "ObjectValue",
                      },
                    },
                  ],
                  "directives": Array [],
                  "kind": "Field",
                  "name": Object {
                    "kind": "Name",
                    "value": "createUser",
                  },
                  "selectionSet": Object {
                    "kind": "SelectionSet",
                    "selections": Array [
                      Object {
                        "alias": undefined,
                        "arguments": Array [],
                        "directives": Array [],
                        "kind": "Field",
                        "name": Object {
                          "kind": "Name",
                          "value": "token",
                        },
                        "selectionSet": undefined,
                      },
                      Object {
                        "alias": undefined,
                        "arguments": Array [],
                        "directives": Array [],
                        "kind": "Field",
                        "name": Object {
                          "kind": "Name",
                          "value": "user",
                        },
                        "selectionSet": Object {
                          "kind": "SelectionSet",
                          "selections": Array [
                            Object {
                              "alias": undefined,
                              "arguments": Array [],
                              "directives": Array [],
                              "kind": "Field",
                              "name": Object {
                                "kind": "Name",
                                "value": "email",
                              },
                              "selectionSet": undefined,
                            },
                            Object {
                              "alias": undefined,
                              "arguments": Array [],
                              "directives": Array [],
                              "kind": "Field",
                              "name": Object {
                                "kind": "Name",
                                "value": "name",
                              },
                              "selectionSet": undefined,
                            },
                          ],
                        },
                      },
                    ],
                  },
                },
              ],
            },
            "variableDefinitions": Array [
              Object {
                "defaultValue": undefined,
                "directives": Array [],
                "kind": "VariableDefinition",
                "type": Object {
                  "kind": "NonNullType",
                  "type": Object {
                    "kind": "NamedType",
                    "name": Object {
                      "kind": "Name",
                      "value": "String",
                    },
                  },
                },
                "variable": Object {
                  "kind": "Variable",
                  "name": Object {
                    "kind": "Name",
                    "value": "email",
                  },
                },
              },
              Object {
                "defaultValue": undefined,
                "directives": Array [],
                "kind": "VariableDefinition",
                "type": Object {
                  "kind": "NonNullType",
                  "type": Object {
                    "kind": "NamedType",
                    "name": Object {
                      "kind": "Name",
                      "value": "String",
                    },
                  },
                },
                "variable": Object {
                  "kind": "Variable",
                  "name": Object {
                    "kind": "Name",
                    "value": "name",
                  },
                },
              },
              Object {
                "defaultValue": undefined,
                "directives": Array [],
                "kind": "VariableDefinition",
                "type": Object {
                  "kind": "NonNullType",
                  "type": Object {
                    "kind": "NamedType",
                    "name": Object {
                      "kind": "Name",
                      "value": "String",
                    },
                  },
                },
                "variable": Object {
                  "kind": "Variable",
                  "name": Object {
                    "kind": "Name",
                    "value": "password",
                  },
                },
              },
            ],
          },
        ],
        "kind": "Document",
        "loc": Object {
          "end": 225,
          "start": 0,
        },
      }
    }
  >
    <CreateUserForm
      createUser={[Function]}
    >
      <Formik
        enableReinitialize={false}
        initialValues={
          Object {
            "email": "",
            "name": "",
            "password": "",
          }
        }
        isInitialValid={false}
        onSubmit={[Function]}
        validateOnBlur={true}
        validateOnChange={true}
      >
        <Form>
          <Component
            formik={
              Object {
                "dirty": false,
                "errors": Object {},
                "handleBlur": [Function],
                "handleChange": [Function],
                "handleReset": [Function],
                "handleSubmit": [Function],
                "initialValues": Object {
                  "email": "",
                  "name": "",
                  "password": "",
                },
                "isSubmitting": false,
                "isValid": false,
                "isValidating": false,
                "registerField": [Function],
                "resetForm": [Function],
                "setError": [Function],
                "setErrors": [Function],
                "setFieldError": [Function],
                "setFieldTouched": [Function],
                "setFieldValue": [Function],
                "setFormikState": [Function],
                "setStatus": [Function],
                "setSubmitting": [Function],
                "setTouched": [Function],
                "setValues": [Function],
                "status": undefined,
                "submitCount": 0,
                "submitForm": [Function],
                "touched": Object {},
                "unregisterField": [Function],
                "validate": undefined,
                "validateField": [Function],
                "validateForm": [Function],
                "validateOnBlur": true,
                "validateOnChange": true,
                "validationSchema": undefined,
                "values": Object {
                  "email": "",
                  "name": "",
                  "password": "",
                },
              }
            }
          >
            <form
              onReset={[Function]}
              onSubmit={[Function]}
            >
              <FormikConnect(FieldInner)
                autoComplete="name"
                name="name"
                required={true}
                type="text"
              >
                <FieldInner
                  autoComplete="name"
                  formik={
                    Object {
                      "dirty": false,
                      "errors": Object {},
                      "handleBlur": [Function],
                      "handleChange": [Function],
                      "handleReset": [Function],
                      "handleSubmit": [Function],
                      "initialValues": Object {
                        "email": "",
                        "name": "",
                        "password": "",
                      },
                      "isSubmitting": false,
                      "isValid": false,
                      "isValidating": false,
                      "registerField": [Function],
                      "resetForm": [Function],
                      "setError": [Function],
                      "setErrors": [Function],
                      "setFieldError": [Function],
                      "setFieldTouched": [Function],
                      "setFieldValue": [Function],
                      "setFormikState": [Function],
                      "setStatus": [Function],
                      "setSubmitting": [Function],
                      "setTouched": [Function],
                      "setValues": [Function],
                      "status": undefined,
                      "submitCount": 0,
                      "submitForm": [Function],
                      "touched": Object {},
                      "unregisterField": [Function],
                      "validate": undefined,
                      "validateField": [Function],
                      "validateForm": [Function],
                      "validateOnBlur": true,
                      "validateOnChange": true,
                      "validationSchema": undefined,
                      "values": Object {
                        "email": "",
                        "name": "",
                        "password": "",
                      },
                    }
                  }
                  name="name"
                  required={true}
                  type="text"
                >
                  <input
                    autoComplete="name"
                    name="name"
                    onBlur={[Function]}
                    onChange={[Function]}
                    required={true}
                    type="text"
                    value=""
                  />
                </FieldInner>
              </FormikConnect(FieldInner)>
              <FormikConnect(FieldInner)
                autoComplete="email"
                name="email"
                required={true}
                type="email"
              >
                <FieldInner
                  autoComplete="email"
                  formik={
                    Object {
                      "dirty": false,
                      "errors": Object {},
                      "handleBlur": [Function],
                      "handleChange": [Function],
                      "handleReset": [Function],
                      "handleSubmit": [Function],
                      "initialValues": Object {
                        "email": "",
                        "name": "",
                        "password": "",
                      },
                      "isSubmitting": false,
                      "isValid": false,
                      "isValidating": false,
                      "registerField": [Function],
                      "resetForm": [Function],
                      "setError": [Function],
                      "setErrors": [Function],
                      "setFieldError": [Function],
                      "setFieldTouched": [Function],
                      "setFieldValue": [Function],
                      "setFormikState": [Function],
                      "setStatus": [Function],
                      "setSubmitting": [Function],
                      "setTouched": [Function],
                      "setValues": [Function],
                      "status": undefined,
                      "submitCount": 0,
                      "submitForm": [Function],
                      "touched": Object {},
                      "unregisterField": [Function],
                      "validate": undefined,
                      "validateField": [Function],
                      "validateForm": [Function],
                      "validateOnBlur": true,
                      "validateOnChange": true,
                      "validationSchema": undefined,
                      "values": Object {
                        "email": "",
                        "name": "",
                        "password": "",
                      },
                    }
                  }
                  name="email"
                  required={true}
                  type="email"
                >
                  <input
                    autoComplete="email"
                    name="email"
                    onBlur={[Function]}
                    onChange={[Function]}
                    required={true}
                    type="email"
                    value=""
                  />
                </FieldInner>
              </FormikConnect(FieldInner)>
              <FormikConnect(FieldInner)
                autoComplete="new-password"
                name="password"
                required={true}
                type="password"
              >
                <FieldInner
                  autoComplete="new-password"
                  formik={
                    Object {
                      "dirty": false,
                      "errors": Object {},
                      "handleBlur": [Function],
                      "handleChange": [Function],
                      "handleReset": [Function],
                      "handleSubmit": [Function],
                      "initialValues": Object {
                        "email": "",
                        "name": "",
                        "password": "",
                      },
                      "isSubmitting": false,
                      "isValid": false,
                      "isValidating": false,
                      "registerField": [Function],
                      "resetForm": [Function],
                      "setError": [Function],
                      "setErrors": [Function],
                      "setFieldError": [Function],
                      "setFieldTouched": [Function],
                      "setFieldValue": [Function],
                      "setFormikState": [Function],
                      "setStatus": [Function],
                      "setSubmitting": [Function],
                      "setTouched": [Function],
                      "setValues": [Function],
                      "status": undefined,
                      "submitCount": 0,
                      "submitForm": [Function],
                      "touched": Object {},
                      "unregisterField": [Function],
                      "validate": undefined,
                      "validateField": [Function],
                      "validateForm": [Function],
                      "validateOnBlur": true,
                      "validateOnChange": true,
                      "validationSchema": undefined,
                      "values": Object {
                        "email": "",
                        "name": "",
                        "password": "",
                      },
                    }
                  }
                  name="password"
                  required={true}
                  type="password"
                >
                  <input
                    autoComplete="new-password"
                    name="password"
                    onBlur={[Function]}
                    onChange={[Function]}
                    required={true}
                    type="password"
                    value=""
                  />
                </FieldInner>
              </FormikConnect(FieldInner)>
              <button
                type="submit"
              >
                Create Account
              </button>
              <Link
                to="/login"
              >
                <a
                  href="/login"
                  onClick={[Function]}
                >
                  Log In
                </a>
              </Link>
            </form>
          </Component>
        </Form>
      </Formik>
    </CreateUserForm>
  </Mutation>
</CreateUser>
`;
