// Jest Snapshot v1, https://goo.gl/fbAQLP

exports[`CreateUser renders without error 1`] = `
<div>
  <form>
    
    <div>
      <label
        for="name"
      >
        name
      </label>
      <input
        autocomplete="name"
        id="name"
        name="name"
        required=""
        type="text"
        value=""
      />
    </div>
    <div>
      <label
        for="email"
      >
        email
      </label>
      <input
        autocomplete="email"
        id="email"
        name="email"
        required=""
        type="email"
        value=""
      />
    </div>
    <div>
      <label
        for="password"
      >
        password
      </label>
      <input
        autocomplete="new-password"
        id="password"
        name="password"
        required=""
        type="password"
        value=""
      />
    </div>
    <button
      type="submit"
    >
      Create Account
    </button>
    <a
      href="/login"
    >
      Log In
    </a>
  </form>
</div>
`;
