// Jest Snapshot v1, https://goo.gl/fbAQLP

exports[`LoginUser renders without error 1`] = `
<div>
  <form>
    
    <div>
      <label
        for="email"
      >
        email
      </label>
      <input
        autocomplete="email"
        id="email"
        name="email"
        required=""
        type="email"
        value=""
      />
    </div>
    <div>
      <label
        for="password"
      >
        password
      </label>
      <input
        autocomplete="current-password"
        id="password"
        name="password"
        required=""
        type="password"
        value=""
      />
    </div>
    <button
      type="submit"
    >
      Log In
    </button>
    <a
      href="/join"
    >
      Create Account
    </a>
  </form>
</div>
`;
